// Jest Snapshot v1, https://goo.gl/fbAQLP

exports[`<CopyIcon /> renders as expected 1`] = `
<UITooltip
  arrowPointAtCenter={true}
  mouseLeaveDelay={0.5}
  onVisibleChange={[Function]}
  placement="left"
  title="tooltipTitleValue"
>
  <Button
    className="css-oqwzau classNameValue"
    icon="copy"
    onClick={[Function]}
    type="button"
  />
</UITooltip>
`;
